// Jest Snapshot v1, https://goo.gl/fbAQLP

exports[`Render App when logged in should render with given state from Redux store 1`] = `
<div>
  <header
    className="MuiPaper-root MuiAppBar-root MuiAppBar-positionStatic MuiAppBar-colorPrimary MuiPaper-elevation4"
  >
    <div
      className="MuiToolbar-root MuiToolbar-regular MuiToolbar-gutters"
    >
      <h6
        className="MuiTypography-root MuiTypography-h6"
      >
        <a
          href="/"
          onClick={[Function]}
          style={
            Object {
              "color": "white",
            }
          }
        >
          Vehicle Management Application
        </a>
      </h6>
      <p
        className="MuiTypography-root MuiTypography-body1"
        style={
          Object {
            "margin": "10px",
          }
        }
      >
        <a
          href="/users"
          onClick={[Function]}
          style={
            Object {
              "color": "white",
            }
          }
        >
          Users
        </a>
      </p>
      <p
        className="MuiTypography-root MuiTypography-body1"
        style={
          Object {
            "margin": "10px",
          }
        }
      >
        <a
          href="/viewCustomers"
          onClick={[Function]}
          style={
            Object {
              "color": "white",
            }
          }
        >
          Customers
        </a>
      </p>
      <p
        className="MuiTypography-root MuiTypography-body1"
        style={
          Object {
            "margin": "10px",
          }
        }
      >
        <a
          href="/viewBooking"
          onClick={[Function]}
          style={
            Object {
              "color": "white",
            }
          }
        >
          Bookings
        </a>
      </p>
      <p
        className="MuiTypography-root MuiTypography-body1"
        style={
          Object {
            "margin": "10px",
          }
        }
      >
        <a
          href="/dashboard"
          onClick={[Function]}
          style={
            Object {
              "color": "white",
            }
          }
        >
          Vehicles
        </a>
      </p>
      <p
        className="MuiTypography-root MuiTypography-body1"
        style={
          Object {
            "margin": "10px",
          }
        }
      >
        <a
          href="/viewPayment"
          onClick={[Function]}
          style={
            Object {
              "color": "white",
            }
          }
        >
          Payments
        </a>
      </p>
      <p
        className="MuiTypography-root MuiTypography-body1"
        style={
          Object {
            "margin": "10px",
          }
        }
      >
        <a
          href="/viewActiveBooking"
          onClick={[Function]}
          style={
            Object {
              "color": "white",
            }
          }
        >
          Active Bookings
        </a>
      </p>
      <div
        style={
          Object {
            "display": "flex",
            "marginLeft": "auto",
          }
        }
      >
        <h6
          className="MuiTypography-root MuiTypography-h6"
          style={
            Object {
              "margin": "10px",
            }
          }
        >
          <a
            href="/profile"
            onClick={[Function]}
            style={
              Object {
                "color": "white",
              }
            }
          >
            Taniya
          </a>
        </h6>
        <h6
          className="MuiTypography-root MuiTypography-h6"
          style={
            Object {
              "margin": "10px",
            }
          }
        >
          <a
            href="/login"
            onClick={[Function]}
            style={
              Object {
                "color": "white",
              }
            }
          >
            LogOut
          </a>
        </h6>
      </div>
    </div>
  </header>
  <div>
    <main
      className="MuiGrid-root Profile-root-11 MuiGrid-container"
    >
      <div
        className="MuiPaper-root MuiGrid-root MuiGrid-item MuiGrid-grid-xs-12 MuiGrid-grid-sm-8 MuiGrid-grid-md-5 MuiPaper-elevation6"
        style={
          Object {
            "margin": "auto",
            "marginTop": "10%",
          }
        }
      >
        <div
          className="Profile-paper-13"
        >
          <div
            className="MuiAvatar-root MuiAvatar-circle Profile-avatar-14 MuiAvatar-colorDefault"
          >
            T
          </div>
          <h5
            className="MuiTypography-root MuiTypography-h5"
          >
            Profile
          </h5>
          <br />
          <br />
          <div
            className="Profile-row-15"
          >
            <h6
              className="MuiTypography-root MuiTypography-h6"
            >
              Username:
            </h6>
            <h6
              className="MuiTypography-root MuiTypography-h6"
            >
              Taniya
            </h6>
          </div>
          <div
            className="Profile-row-15"
          >
            <h6
              className="MuiTypography-root MuiTypography-h6"
            >
              Email:
            </h6>
            <h6
              className="MuiTypography-root MuiTypography-h6"
            >
              taniya@gmail.com
            </h6>
          </div>
        </div>
      </div>
    </main>
  </div>
</div>
`;

exports[`Render App when not logged in should render with given state from Redux store 1`] = `
<div>
  <header
    className="MuiPaper-root MuiAppBar-root MuiAppBar-positionStatic MuiAppBar-colorPrimary MuiPaper-elevation4"
  >
    <div
      className="MuiToolbar-root MuiToolbar-regular MuiToolbar-gutters"
    >
      <h6
        className="MuiTypography-root MuiTypography-h6"
      >
        <a
          href="/"
          onClick={[Function]}
          style={
            Object {
              "color": "white",
            }
          }
        >
          Vehicle Management Application
        </a>
      </h6>
      <p
        className="MuiTypography-root MuiTypography-body1"
        style={
          Object {
            "margin": "10px",
          }
        }
      >
        <a
          href="/users"
          onClick={[Function]}
          style={
            Object {
              "color": "white",
            }
          }
        >
          Users
        </a>
      </p>
      <p
        className="MuiTypography-root MuiTypography-body1"
        style={
          Object {
            "margin": "10px",
          }
        }
      >
        <a
          href="/viewCustomers"
          onClick={[Function]}
          style={
            Object {
              "color": "white",
            }
          }
        >
          Customers
        </a>
      </p>
      <p
        className="MuiTypography-root MuiTypography-body1"
        style={
          Object {
            "margin": "10px",
          }
        }
      >
        <a
          href="/viewBooking"
          onClick={[Function]}
          style={
            Object {
              "color": "white",
            }
          }
        >
          Bookings
        </a>
      </p>
      <p
        className="MuiTypography-root MuiTypography-body1"
        style={
          Object {
            "margin": "10px",
          }
        }
      >
        <a
          href="/dashboard"
          onClick={[Function]}
          style={
            Object {
              "color": "white",
            }
          }
        >
          Vehicles
        </a>
      </p>
      <p
        className="MuiTypography-root MuiTypography-body1"
        style={
          Object {
            "margin": "10px",
          }
        }
      >
        <a
          href="/viewPayment"
          onClick={[Function]}
          style={
            Object {
              "color": "white",
            }
          }
        >
          Payments
        </a>
      </p>
      <p
        className="MuiTypography-root MuiTypography-body1"
        style={
          Object {
            "margin": "10px",
          }
        }
      >
        <a
          href="/viewActiveBooking"
          onClick={[Function]}
          style={
            Object {
              "color": "white",
            }
          }
        >
          Active Bookings
        </a>
      </p>
      <div
        style={
          Object {
            "display": "flex",
            "marginLeft": "auto",
          }
        }
      >
        <h6
          className="MuiTypography-root MuiTypography-h6"
          style={
            Object {
              "margin": "10px",
            }
          }
        >
          <a
            href="/profile"
            onClick={[Function]}
            style={
              Object {
                "color": "white",
              }
            }
          >
            Taniya
          </a>
        </h6>
        <h6
          className="MuiTypography-root MuiTypography-h6"
          style={
            Object {
              "margin": "10px",
            }
          }
        >
          <a
            href="/login"
            onClick={[Function]}
            style={
              Object {
                "color": "white",
              }
            }
          >
            LogOut
          </a>
        </h6>
      </div>
    </div>
  </header>
  <div>
    <div
      className="container mt-3 "
    >
      <main
        className="MuiGrid-root Login-root-1 MuiGrid-container"
      >
        <div
          className="MuiGrid-root Login-image-2 MuiGrid-item MuiGrid-grid-sm-4 MuiGrid-grid-md-7"
        />
        <div
          className="MuiPaper-root MuiGrid-root MuiGrid-item MuiGrid-grid-xs-12 MuiGrid-grid-sm-8 MuiGrid-grid-md-5 MuiPaper-elevation6"
        >
          <div
            className="Login-paper-3"
          >
            <div
              className="MuiAvatar-root MuiAvatar-circle Login-avatar-4 MuiAvatar-colorDefault"
            >
              <svg
                aria-hidden={true}
                className="MuiSvgIcon-root"
                focusable="false"
                viewBox="0 0 24 24"
              >
                <path
                  d="M18 8h-1V6c0-2.76-2.24-5-5-5S7 3.24 7 6v2H6c-1.1 0-2 .9-2 2v10c0 1.1.9 2 2 2h12c1.1 0 2-.9 2-2V10c0-1.1-.9-2-2-2zM9 6c0-1.66 1.34-3 3-3s3 1.34 3 3v2H9V6zm9 14H6V10h12v10zm-6-3c1.1 0 2-.9 2-2s-.9-2-2-2-2 .9-2 2 .9 2 2 2z"
                />
              </svg>
            </div>
            <h1
              className="MuiTypography-root MuiTypography-h5"
            >
              Sign in
            </h1>
            <form
              className="Login-form-5"
              onSubmit={[Function]}
            >
              <div
                className="MuiFormControl-root MuiTextField-root MuiFormControl-marginNormal MuiFormControl-fullWidth"
                validations={
                  Array [
                    [Function],
                  ]
                }
              >
                <label
                  className="MuiFormLabel-root MuiInputLabel-root MuiInputLabel-formControl MuiInputLabel-animated MuiInputLabel-outlined Mui-required Mui-required"
                  data-shrink={false}
                  htmlFor="username"
                  id="username-label"
                >
                  Username
                  <span
                    aria-hidden={true}
                    className="MuiFormLabel-asterisk MuiInputLabel-asterisk"
                  >
                     
                    *
                  </span>
                </label>
                <div
                  className="MuiInputBase-root MuiOutlinedInput-root MuiInputBase-fullWidth MuiInputBase-formControl"
                  onClick={[Function]}
                >
                  <input
                    aria-invalid={false}
                    autoComplete="username"
                    autoFocus={true}
                    className="MuiInputBase-input MuiOutlinedInput-input"
                    disabled={false}
                    id="username"
                    name="username"
                    onAnimationStart={[Function]}
                    onBlur={[Function]}
                    onChange={[Function]}
                    onFocus={[Function]}
                    required={true}
                    type="text"
                    value=""
                  />
                  <fieldset
                    aria-hidden={true}
                    className="PrivateNotchedOutline-root-7 MuiOutlinedInput-notchedOutline"
                  >
                    <legend
                      className="PrivateNotchedOutline-legendLabelled-9"
                    >
                      <span>
                        Username
                         *
                      </span>
                    </legend>
                  </fieldset>
                </div>
              </div>
              <div
                className="MuiFormControl-root MuiTextField-root MuiFormControl-marginNormal MuiFormControl-fullWidth"
                validations={
                  Array [
                    [Function],
                  ]
                }
              >
                <label
                  className="MuiFormLabel-root MuiInputLabel-root MuiInputLabel-formControl MuiInputLabel-animated MuiInputLabel-outlined Mui-required Mui-required"
                  data-shrink={false}
                  htmlFor="password"
                  id="password-label"
                >
                  Password
                  <span
                    aria-hidden={true}
                    className="MuiFormLabel-asterisk MuiInputLabel-asterisk"
                  >
                     
                    *
                  </span>
                </label>
                <div
                  className="MuiInputBase-root MuiOutlinedInput-root MuiInputBase-fullWidth MuiInputBase-formControl"
                  onClick={[Function]}
                >
                  <input
                    aria-invalid={false}
                    autoComplete="current-password"
                    autoFocus={false}
                    className="MuiInputBase-input MuiOutlinedInput-input"
                    disabled={false}
                    id="password"
                    name="password"
                    onAnimationStart={[Function]}
                    onBlur={[Function]}
                    onChange={[Function]}
                    onFocus={[Function]}
                    required={true}
                    type="password"
                    value=""
                  />
                  <fieldset
                    aria-hidden={true}
                    className="PrivateNotchedOutline-root-7 MuiOutlinedInput-notchedOutline"
                  >
                    <legend
                      className="PrivateNotchedOutline-legendLabelled-9"
                    >
                      <span>
                        Password
                         *
                      </span>
                    </legend>
                  </fieldset>
                </div>
              </div>
              <button
                className="MuiButtonBase-root MuiButton-root MuiButton-contained Login-submit-6 MuiButton-containedPrimary MuiButton-fullWidth"
                data-testid="login-button"
                disabled={false}
                onBlur={[Function]}
                onDragLeave={[Function]}
                onFocus={[Function]}
                onKeyDown={[Function]}
                onKeyUp={[Function]}
                onMouseDown={[Function]}
                onMouseLeave={[Function]}
                onMouseUp={[Function]}
                onTouchEnd={[Function]}
                onTouchMove={[Function]}
                onTouchStart={[Function]}
                tabIndex={0}
                type="submit"
              >
                <span
                  className="MuiButton-label"
                >
                  Sign In
                </span>
                <span
                  className="MuiTouchRipple-root"
                />
              </button>
              <div
                className="MuiGrid-root MuiGrid-container"
              >
                <div
                  className="MuiGrid-root MuiGrid-item"
                >
                  <a
                    href="/register"
                  >
                    Don't have an account? Sign Up
                  </a>
                </div>
              </div>
              <button
                disabled={false}
                style={
                  Object {
                    "display": "none",
                  }
                }
              />
            </form>
          </div>
        </div>
      </main>
    </div>
  </div>
</div>
`;
